// Jest Snapshot v1, https://goo.gl/fbAQLP

exports[`renders correctly 1`] = `
<View
  accessible={true}
  collapsable={false}
  focusable={false}
  onClick={[Function]}
  onResponderGrant={[Function]}
  onResponderMove={[Function]}
  onResponderRelease={[Function]}
  onResponderTerminate={[Function]}
  onResponderTerminationRequest={[Function]}
  onStartShouldSetResponder={[Function]}
  style={
    Object {
      "opacity": 1,
    }
  }
>
  <Text
    allowFontScaling={false}
    selectable={false}
    style={
      Array [
        Object {
          "color": undefined,
          "fontSize": 50,
        },
        undefined,
        Object {
          "fontFamily": "EvilIcons",
          "fontStyle": "normal",
          "fontWeight": "normal",
        },
        Object {},
      ]
    }
  >
    
  </Text>
</View>
`;
