// Jest Snapshot v1, https://goo.gl/fbAQLP

exports[`renders correctly 1`] = `
<View
  style={
    Object {
      "backgroundColor": "#282828",
      "flex": 1,
    }
  }
>
  <View
    style={
      Object {
        "backgroundColor": "#282828",
        "borderBottomColor": "transparent",
        "borderBottomWidth": 1,
        "borderTopColor": "#000",
        "borderTopWidth": 1,
        "padding": 8,
      }
    }
  >
    <View
      style={
        Object {
          "paddingHorizontal": 0,
          "width": "100%",
        }
      }
    >
      <View
        collapsable={false}
        style={
          Object {
            "alignItems": "center",
            "backgroundColor": "#343435",
            "borderBottomWidth": 0,
            "borderColor": "#86939e",
            "borderRadius": 10,
            "flexDirection": "row",
            "margin": 5,
            "minHeight": 30,
            "overflow": "hidden",
            "padding": 5,
            "transform": Array [
              Object {
                "translateX": 0,
              },
            ],
          }
        }
      >
        <View
          style={
            Object {
              "alignItems": "center",
              "height": 40,
              "justifyContent": "center",
              "marginLeft": 8,
              "marginVertical": 4,
              "paddingRight": 4,
            }
          }
        >
          <Text
            allowFontScaling={false}
            selectable={false}
            style={
              Array [
                Object {
                  "color": "#ffffff",
                  "fontSize": 18,
                },
                undefined,
                Object {
                  "fontFamily": "FontAwesome",
                  "fontStyle": "normal",
                  "fontWeight": "normal",
                },
                Object {},
              ]
            }
          >
            ï€‚
          </Text>
        </View>
        <TextInput
          editable={true}
          onBlur={[Function]}
          onChangeText={[Function]}
          onFocus={[Function]}
          placeholder="What do you want to eat?"
          placeholderTextColor="#86939e"
          platform="default"
          style={
            Object {
              "color": "#86939e",
              "flex": 1,
              "fontSize": 18,
              "marginLeft": 10,
              "minHeight": 40,
            }
          }
          testID="searchInput"
          underlineColorAndroid="transparent"
          value=""
        />
        <View
          style={
            Object {
              "alignItems": "center",
              "height": 40,
              "justifyContent": "center",
              "marginRight": 8,
              "marginVertical": 4,
              "paddingRight": 4,
            }
          }
        >
          <View
            style={
              Object {
                "flexDirection": "row",
              }
            }
          />
        </View>
      </View>
      <Text
        style={
          Object {
            "color": "#ff190c",
            "fontSize": 12,
            "height": 0,
            "margin": 0,
            "padding": 0,
          }
        }
      />
    </View>
  </View>
  <View>
    <Text
      style={
        Object {
          "color": "#ad1f61",
          "fontSize": 25,
          "fontWeight": "bold",
          "paddingLeft": 10,
          "textAlign": "left",
        }
      }
    >
      TRENDING
    </Text>
    <RCTScrollView
      horizontal={true}
    >
      <View>
        <View
          accessible={true}
          collapsable={false}
          focusable={true}
          onClick={[Function]}
          onResponderGrant={[Function]}
          onResponderMove={[Function]}
          onResponderRelease={[Function]}
          onResponderTerminate={[Function]}
          onResponderTerminationRequest={[Function]}
          onStartShouldSetResponder={[Function]}
          style={
            Object {
              "height": 200,
              "margin": 5,
              "marginLeft": 10,
              "marginRight": 10,
              "marginTop": 15,
              "opacity": 1,
              "width": 130,
            }
          }
        >
          <Image
            source={
              Object {
                "uri": "https://t2.rg.ltmcdn.com/es/posts/2/7/7/lemon_pie_saludable_75772_600.jpg",
              }
            }
            style={
              Object {
                "borderRadius": 10,
                "height": 130,
                "width": 130,
              }
            }
          />
          <Text
            style={
              Object {
                "color": "white",
                "fontSize": 15,
                "fontWeight": "bold",
                "paddingTop": 5,
                "textAlign": "center",
              }
            }
          >
            Lemon Pie
          </Text>
        </View>
        <View
          accessible={true}
          collapsable={false}
          focusable={true}
          onClick={[Function]}
          onResponderGrant={[Function]}
          onResponderMove={[Function]}
          onResponderRelease={[Function]}
          onResponderTerminate={[Function]}
          onResponderTerminationRequest={[Function]}
          onStartShouldSetResponder={[Function]}
          style={
            Object {
              "height": 200,
              "margin": 5,
              "marginLeft": 10,
              "marginRight": 10,
              "marginTop": 15,
              "opacity": 1,
              "width": 130,
            }
          }
        >
          <Image
            source={
              Object {
                "uri": "https://t1.rg.ltmcdn.com/es/posts/1/3/8/budin_de_chocolate_con_aceite_75831_600.jpg",
              }
            }
            style={
              Object {
                "borderRadius": 10,
                "height": 130,
                "width": 130,
              }
            }
          />
          <Text
            style={
              Object {
                "color": "white",
                "fontSize": 15,
                "fontWeight": "bold",
                "paddingTop": 5,
                "textAlign": "center",
              }
            }
          >
            Chocolate Pudding
          </Text>
        </View>
        <View
          accessible={true}
          collapsable={false}
          focusable={true}
          onClick={[Function]}
          onResponderGrant={[Function]}
          onResponderMove={[Function]}
          onResponderRelease={[Function]}
          onResponderTerminate={[Function]}
          onResponderTerminationRequest={[Function]}
          onStartShouldSetResponder={[Function]}
          style={
            Object {
              "height": 200,
              "margin": 5,
              "marginLeft": 10,
              "marginRight": 10,
              "marginTop": 15,
              "opacity": 1,
              "width": 130,
            }
          }
        >
          <Image
            source={
              Object {
                "uri": "https://t2.rg.ltmcdn.com/es/posts/9/2/6/pastelitos_argentinos_75629_600.jpg",
              }
            }
            style={
              Object {
                "borderRadius": 10,
                "height": 130,
                "width": 130,
              }
            }
          />
          <Text
            style={
              Object {
                "color": "white",
                "fontSize": 15,
                "fontWeight": "bold",
                "paddingTop": 5,
                "textAlign": "center",
              }
            }
          >
            Argentinian Pastelitos
          </Text>
        </View>
        <View
          accessible={true}
          collapsable={false}
          focusable={true}
          onClick={[Function]}
          onResponderGrant={[Function]}
          onResponderMove={[Function]}
          onResponderRelease={[Function]}
          onResponderTerminate={[Function]}
          onResponderTerminationRequest={[Function]}
          onStartShouldSetResponder={[Function]}
          style={
            Object {
              "height": 200,
              "margin": 5,
              "marginLeft": 10,
              "marginRight": 10,
              "marginTop": 15,
              "opacity": 1,
              "width": 130,
            }
          }
        >
          <Image
            source={
              Object {
                "uri": "https://t2.rg.ltmcdn.com/es/posts/2/9/2/brownie_sin_harina_75292_600.jpg",
              }
            }
            style={
              Object {
                "borderRadius": 10,
                "height": 130,
                "width": 130,
              }
            }
          />
          <Text
            style={
              Object {
                "color": "white",
                "fontSize": 15,
                "fontWeight": "bold",
                "paddingTop": 5,
                "textAlign": "center",
              }
            }
          >
            Flourless Brownie 
          </Text>
        </View>
        <View
          accessible={true}
          collapsable={false}
          focusable={true}
          onClick={[Function]}
          onResponderGrant={[Function]}
          onResponderMove={[Function]}
          onResponderRelease={[Function]}
          onResponderTerminate={[Function]}
          onResponderTerminationRequest={[Function]}
          onStartShouldSetResponder={[Function]}
          style={
            Object {
              "height": 200,
              "margin": 5,
              "marginLeft": 10,
              "marginRight": 10,
              "marginTop": 15,
              "opacity": 1,
              "width": 130,
            }
          }
        >
          <Image
            source={
              Object {
                "uri": "https://t1.rg.ltmcdn.com/es/posts/0/4/5/pie_de_durazno_75540_600.jpg",
              }
            }
            style={
              Object {
                "borderRadius": 10,
                "height": 130,
                "width": 130,
              }
            }
          />
          <Text
            style={
              Object {
                "color": "white",
                "fontSize": 15,
                "fontWeight": "bold",
                "paddingTop": 5,
                "textAlign": "center",
              }
            }
          >
            Peach Pie 
          </Text>
        </View>
      </View>
    </RCTScrollView>
  </View>
  <View>
    <Text
      style={
        Object {
          "color": "#ad1f61",
          "fontSize": 25,
          "fontWeight": "bold",
          "paddingLeft": 10,
          "textAlign": "left",
        }
      }
    >
      RECENT
    </Text>
    <RCTScrollView
      horizontal={true}
    >
      <View />
    </RCTScrollView>
  </View>
</View>
`;
